窗前明月光
疑是地上霜
举头望明月
低头思故乡

abcdefg
hijklmn
opqrst
uvwxyz

1234567890
0987654321
